2026/08/05 01:14:55 NOTICE: gdrive{iWtD9}: This remote uses rclone's shared Google Drive client_id, which is being retired and will stop working during 2026. Create your own client_id to avoid interruption: https://rclone.org/drive/#making-your-own-client-id
2026/08/05 01:14:56 NOTICE: gdrive{iWtD9}: This remote uses rclone's shared Google Drive client_id, which is being retired and will stop working during 2026. Create your own client_id to avoid interruption: https://rclone.org/drive/#making-your-own-client-id
2026/08/05 01:14:56 INFO  : Google drive root 'S6A67340005N': Making directory
2026/08/05 01:14:57 NOTICE: gdrive{hcGEi}: This remote uses rclone's shared Google Drive client_id, which is being retired and will stop working during 2026. Create your own client_id to avoid interruption: https://rclone.org/drive/#making-your-own-client-id
2026/08/05 01:14:59 INFO  : DCC: Set directory modification time (using SetModTime)
2026/08/05 01:15:01 INFO  : DGC: Set directory modification time (using SetModTime)
2026/08/05 01:15:36 INFO  : DCC/20260724_104335: Set directory modification time (using SetModTime)
2026/08/05 01:15:53 INFO  : DGC/20260724_104335: Set directory modification time (using SetModTime)
2026/08/05 01:15:54 INFO  : DCC/20260724_104335/apply_color_cal: Set directory modification time (using SetModTime)
2026/08/05 01:15:55 INFO  : DCC/20260724_104335/autoexposure_debug: Set directory modification time (using SetModTime)
2026/08/05 01:15:57 INFO  : DCC/20260724_104335/capture: Set directory modification time (using SetModTime)
2026/08/05 01:15:58 INFO  : DCC/20260724_104335/high_freq_mura_calibration: Set directory modification time (using SetModTime)
2026/08/05 01:15:59 INFO  : DCC/20260724_104335/high_freq_mura_capture: Set directory modification time (using SetModTime)
2026/08/05 01:15:59 INFO  : DGC/20260724_104335/calibration_captures: Set directory modification time (using SetModTime)
2026/08/05 01:16:01 INFO  : DCC/20260724_104335/uniformity_validation: Set directory modification time (using SetModTime)
2026/08/05 01:16:02 INFO  : DGC/20260724_104335/device_to_station_extrinsic_calibration: Set directory modification time (using SetModTime)
2026/08/05 01:16:12 INFO  : DGC/20260724_104335/feature_detection: Set directory modification time (using SetModTime)
2026/08/05 01:16:29 INFO  : DGC/20260724_104335/nominal_workflow_calibration: Set directory modification time (using SetModTime)
2026/08/05 01:16:30 INFO  : DGC/20260724_104335/verification_assets: Set directory modification time (using SetModTime)
2026/08/05 01:16:32 INFO  : DGC/20260724_104335/calibration_captures/left_0_0_0_right_0_0_0: Set directory modification time (using SetModTime)
2026/08/05 01:16:32 INFO  : DGC/20260724_104335/verification_assets/nominal_workflow_calibration: Set directory modification time (using SetModTime)
2026/08/05 01:16:32 INFO  : DGC/20260724_104335/device_to_station_extrinsic_calibration/station_camera_captures: Set directory modification time (using SetModTime)
2026/08/05 01:16:33 INFO  : DGC/20260724_104335/calibration_captures/left_2_0_0_right_-2_0_0: Set directory modification time (using SetModTime)
2026/08/05 01:16:37 INFO  : DCC/20260724_104335/white_point_calibration: Set directory modification time (using SetModTime)
2026/08/05 01:16:37 INFO  : DGC/20260724_104335/feature_detection/nominal_workflow_calibration: Set directory modification time (using SetModTime)
2026/08/05 01:16:39 INFO  : DCC/20260724_104335/whitepoint_ok2cal: Set directory modification time (using SetModTime)
2026/08/05 01:16:41 INFO  : DCC/20260724_104335/apply_color_cal/uniformity: Set directory modification time (using SetModTime)
2026/08/05 01:16:41 INFO  : DGC/20260724_104335/device_to_station_extrinsic_calibration/station_camera_captures/left_0_0_0_right_0_0_0: Set directory modification time (using SetModTime)
2026/08/05 01:16:41 INFO  : DCC/20260724_104335/high_freq_mura_calibration/uniformity: Set directory modification time (using SetModTime)
2026/08/05 01:16:41 INFO  : DCC/20260724_104335/high_freq_mura_capture/geometry: Set directory modification time (using SetModTime)
2026/08/05 01:16:41 INFO  : DCC/20260724_104335/whitepoint_ok2cal/capture: Set directory modification time (using SetModTime)
2026/08/05 01:16:41 INFO  : DCC/20260724_104335/white_point_calibration/corrected_rgb_primaries: Set directory modification time (using SetModTime)
2026/08/05 01:16:42 INFO  : DCC/20260724_104335/uniformity_validation/capture: Set directory modification time (using SetModTime)
2026/08/05 01:16:43 INFO  : DCC/20260724_104335/white_point_calibration/correction: Set directory modification time (using SetModTime)
2026/08/05 01:16:43 INFO  : DCC/20260724_104335/uniformity_validation/cropped: Set directory modification time (using SetModTime)
2026/08/05 01:16:43 INFO  : DCC/20260724_104335/whitepoint_ok2cal/capture/device_metadata: Set directory modification time (using SetModTime)
2026/08/05 01:16:44 INFO  : DCC/20260724_104335/white_point_calibration/post_cal_capture: Set directory modification time (using SetModTime)
2026/08/05 01:16:45 INFO  : DCC/20260724_104335/uniformity_validation/cropped/0: Set directory modification time (using SetModTime)
2026/08/05 01:16:45 INFO  : DGC/20260724_104335/verification_captures/nominal/left_0_0_3_right_0_0_3/right_ver_blue.png: Copied (new)
2026/08/05 01:16:46 INFO  : DCC/20260724_104335/white_point_calibration/correction/right: Set directory modification time (using SetModTime)
2026/08/05 01:16:46 INFO  : DGC/20260724_104335/verification_captures/nominal/left_0_0_0_right_0_0_0/right_ver_red.png: Copied (new)
2026/08/05 01:16:50 INFO  : DGC/20260724_104335/verification_captures/nominal/left_0_0_0_right_0_0_0/right_ver_blue.png: Copied (new)
2026/08/05 01:16:52 INFO  : DGC/20260724_104335/verification_captures/nominal/left_0_0_3_right_0_0_3/right_ver_green.png: Copied (new)
2026/08/05 01:16:57 INFO  : DGC/20260724_104335/verification_captures/nominal/left_0_0_0_right_0_0_0/right_ver_green.png: Copied (new)
2026/08/05 01:16:57 INFO  : DGC/20260724_104335/verification_captures/nominal/left_0_0_6_right_0_0_6/right_ver_blue.png: Copied (new)
2026/08/05 01:16:58 INFO  : DGC/20260724_104335/verification_captures/nominal/left_0_0_6_right_0_0_6/right_ver_green.png: Copied (new)
2026/08/05 01:17:00 INFO  : DGC/20260724_104335/verification_captures/nominal/left_0_0_3_right_0_0_3/right_ver_red.png: Copied (new)
2026/08/05 01:18:02 INFO  : DGC/20260724_104335/verification_captures/nominal/left_2_0_0_right_-2_0_0/right_ver_green.png: Copied (new)
2026/08/05 01:20:58 INFO  : DGC/20260724_104335/verification_captures/nominal/left_-3_0_0_right_3_0_0/right_ver_blue.png: Copied (new)
2026/08/05 01:34:40 INFO  : DGC/20260724_104335/verification_captures/nominal/left_2_0_0_right_-2_0_0/right_ver_red.png: Copied (new)
2026/08/05 01:34:47 INFO  : DGC/20260724_104335/verification_captures/nominal/left_-3_0_0_right_3_0_0/right_ver_red.png: Copied (new)
2026/08/05 01:34:52 INFO  : DGC/20260724_104335/nominal_workflow_calibration/debug/side_right_channel_blue_depth_grid.csv: Copied (new)
2026/08/05 01:34:55 INFO  : DGC/20260724_104335/nominal_workflow_calibration/debug/side_right_channel_blue_display_pixel_depth_grid.csv: Copied (new)
2026/08/05 01:34:58 INFO  : DGC/20260724_104335/verification_captures/nominal/left_2_0_0_right_-2_0_0/right_ver_blue.png: Copied (new)
2026/08/05 01:34:58 INFO  : DGC/20260724_104335/nominal_workflow_calibration/debug/side_right_channel_green_depth_grid.csv: Copied (new)
2026/08/05 01:34:58 INFO  : DGC/20260724_104335/verification_captures/nominal/left_0_0_6_right_0_0_6/right_ver_red.png: Copied (new)
2026/08/05 01:35:01 INFO  : DGC/20260724_104335/nominal_workflow_calibration/debug/side_right_channel_red_depth_grid.csv: Copied (new)
2026/08/05 01:35:01 INFO  : DGC/20260724_104335/nominal_workflow_calibration/debug/side_right_channel_green_display_pixel_depth_grid.csv: Copied (new)
2026/08/05 01:35:01 INFO  : DGC/20260724_104335/nominal_workflow_calibration/debug/side_right_channel_red_display_pixel_depth_grid.csv: Copied (new)
2026/08/05 01:35:30 INFO  : DCC/20260724_104335/capture/dcc_smoke_test/dcc_golden_spectra.yaml: Copied (new)
2026/08/05 01:35:30 INFO  : DCC/20260724_104335/capture/dcc_smoke_test/left_dcc_latest_spectra.png: Copied (new)
2026/08/05 01:35:30 INFO  : DCC/20260724_104335/capture/dcc_smoke_test/left_dcc_golden_spectra.png: Copied (new)
2026/08/05 01:35:36 INFO  : DCC/20260724_104335/capture/device_metadata/blue.yaml: Copied (new)
2026/08/05 01:35:37 INFO  : DCC/20260724_104335/capture/dcc_smoke_test/right_dcc_latest_spectra.png: Copied (new)
2026/08/05 01:35:37 INFO  : DCC/20260724_104335/capture/dcc_smoke_test/right_dcc_golden_spectra.png: Copied (new)
2026/08/05 01:35:39 INFO  : DCC/20260724_104335/capture/device_metadata/green.yaml: Copied (new)
2026/08/05 01:35:40 INFO  : DCC/20260724_104335/capture/device_metadata/p3_macbeth_04.yaml: Copied (new)
2026/08/05 01:35:40 INFO  : DCC/20260724_104335/capture/device_metadata/p3_macbeth_10.yaml: Copied (new)
2026/08/05 01:35:42 INFO  : DCC/20260724_104335/capture/device_metadata/p3_macbeth_12.yaml: Copied (new)
2026/08/05 01:35:43 INFO  : DCC/20260724_104335/capture/device_metadata/p3_macbeth_23.yaml: Copied (new)
2026/08/05 01:35:43 INFO  : DCC/20260724_104335/capture/device_metadata/red.yaml: Copied (new)
2026/08/05 01:35:49 INFO  : DCC/20260724_104335/capture/right/background.csv: Copied (new)
2026/08/05 01:35:49 INFO  : DCC/20260724_104335/capture/device_metadata/white.yaml: Copied (new)
2026/08/05 01:35:51 INFO  : DCC/20260724_104335/capture/right/background.png: Copied (new)
2026/08/05 01:35:52 INFO  : DCC/20260724_104335/capture/right/blue.csv: Copied (new)
2026/08/05 01:35:53 INFO  : DCC/20260724_104335/capture/right/background_peak_detection.png: Copied (new)
2026/08/05 01:35:55 INFO  : DCC/20260724_104335/capture/right/blue.png: Copied (new)
2026/08/05 01:35:55 INFO  : DCC/20260724_104335/capture/right/green.csv: Copied (new)
2026/08/05 01:35:56 INFO  : DCC/20260724_104335/capture/right/green.png: Copied (new)
2026/08/05 01:35:58 INFO  : DCC/20260724_104335/capture/right/p3_macbeth_04.csv: Copied (new)
2026/08/05 01:35:59 INFO  : DCC/20260724_104335/capture/right/p3_macbeth_04.png: Copied (new)
2026/08/05 01:35:59 INFO  : DCC/20260724_104335/capture/right/p3_macbeth_10.csv: Copied (new)
2026/08/05 01:36:01 INFO  : DCC/20260724_104335/capture/right/p3_macbeth_10.png: Copied (new)
2026/08/05 01:36:02 INFO  : DGC/20260724_104335/verification_captures/nominal/left_-3_0_0_right_3_0_0/right_ver_green.png: Copied (new)
2026/08/05 01:36:02 INFO  : DCC/20260724_104335/capture/right/p3_macbeth_12.csv: Copied (new)
2026/08/05 01:37:29 INFO  : DCC/20260724_104335/capture/right/red.csv: Copied (new)
2026/08/05 01:37:47 INFO  : DCC/20260724_104335/capture/right/p3_macbeth_23.csv: Copied (new)
2026/08/05 01:37:47 INFO  : DCC/20260724_104335/capture/right/p3_macbeth_23.png: Copied (new)
2026/08/05 01:37:47 INFO  : DCC/20260724_104335/capture/right/red.png: Copied (new)
2026/08/05 01:37:50 INFO  : DCC/20260724_104335/capture/right/p3_macbeth_12.png: Copied (new)
2026/08/05 01:37:50 INFO  : DCC/20260724_104335/capture/right/white.csv: Copied (new)
2026/08/05 01:37:52 INFO  : DCC/20260724_104335/capture/right/white.png: Copied (new)
2026/08/05 01:37:52 INFO  : DGC/20260724_104335/verification_assets/nominal_workflow_calibration/left_0_0_0_right_0_0_0/undistorted_blue_calibu_4512x4512_80_80_11_16_1.png: Copied (new)
2026/08/05 01:37:53 INFO  : DGC/20260724_104335/verification_assets/nominal_workflow_calibration/left_0_0_0_right_0_0_0/undistorted_red_calibu_4512x4512_80_80_11_16_1.png: Copied (new)
2026/08/05 01:37:54 INFO  : DGC/20260724_104335/verification_assets/nominal_workflow_calibration/left_0_0_0_right_0_0_0/undistorted_green_calibu_4512x4512_80_80_11_16_1.png: Copied (new)
2026/08/05 01:38:00 INFO  : DCC/20260724_104335/capture/assets/additive_primaries/green.png: Copied (new)
2026/08/05 01:38:00 INFO  : DCC/20260724_104335/capture/assets/additive_primaries/red.png: Copied (new)
2026/08/05 01:38:00 INFO  : DCC/20260724_104335/capture/assets/additive_primaries/white.png: Copied (new)
2026/08/05 01:38:00 INFO  : DCC/20260724_104335/capture/assets/additive_primaries/blue.png: Copied (new)
2026/08/05 01:38:44 INFO  : DCC/20260724_104335/capture/assets/corrected_rgb_primaries/green.png: Copied (new)
2026/08/05 01:38:46 INFO  : DCC/20260724_104335/capture/assets/corrected_rgb_primaries/blue.png: Copied (new)
2026/08/05 01:38:46 INFO  : DCC/20260724_104335/capture/assets/corrected_rgb_primaries/macbeth20.png: Copied (new)
2026/08/05 01:38:46 INFO  : DCC/20260724_104335/capture/assets/corrected_rgb_primaries/macbeth22.png: Copied (new)
2026/08/05 01:38:48 INFO  : DCC/20260724_104335/capture/assets/corrected_rgb_primaries/red.png: Copied (new)
2026/08/05 01:38:51 INFO  : DCC/20260724_104335/capture/assets/corrected_rgb_primaries/white.png: Copied (new)
2026/08/05 01:38:51 INFO  : DCC/20260724_104335/capture/assets/grays/gray_127.png: Copied (new)
2026/08/05 01:38:51 INFO  : DCC/20260724_104335/capture/assets/grays/gray_180.png: Copied (new)
2026/08/05 01:38:51 INFO  : DCC/20260724_104335/capture/assets/grays/gray_159.png: Copied (new)
2026/08/05 01:38:54 INFO  : DCC/20260724_104335/capture/assets/grays/gray_200.png: Copied (new)
2026/08/05 01:38:54 INFO  : DCC/20260724_104335/capture/assets/grays/gray_63.png: Copied (new)
2026/08/05 01:38:54 INFO  : DCC/20260724_104335/capture/assets/grays/gray_95.png: Copied (new)
2026/08/05 01:38:56 INFO  : DCC/20260724_104335/capture/assets/grays/gray_31.png: Copied (new)
2026/08/05 01:39:00 INFO  : DCC/20260724_104335/capture/assets/macbeth_display_p3/p3_macbeth_01.png: Copied (new)
2026/08/05 01:39:00 INFO  : DCC/20260724_104335/capture/assets/macbeth_display_p3/p3_macbeth_02.png: Copied (new)
2026/08/05 01:39:00 INFO  : DCC/20260724_104335/capture/assets/macbeth_display_p3/p3_macbeth_03.png: Copied (new)
2026/08/05 01:39:10 INFO  : DCC/20260724_104335/capture/assets/macbeth_display_p3/p3_macbeth_04.png: Copied (new)
2026/08/05 01:39:44 NOTICE: gdrive{iWtD9}: This remote uses rclone's shared Google Drive client_id, which is being retired and will stop working during 2026. Create your own client_id to avoid interruption: https://rclone.org/drive/#making-your-own-client-id
2026/08/05 01:39:44 NOTICE: gdrive{iWtD9}: This remote uses rclone's shared Google Drive client_id, which is being retired and will stop working during 2026. Create your own client_id to avoid interruption: https://rclone.org/drive/#making-your-own-client-id
2026/08/05 01:39:47 INFO  : Google drive root 'S6A67340005N': Making directory
2026/08/05 01:39:49 NOTICE: gdrive{hcGEi}: This remote uses rclone's shared Google Drive client_id, which is being retired and will stop working during 2026. Create your own client_id to avoid interruption: https://rclone.org/drive/#making-your-own-client-id
2026/08/05 01:40:01 INFO  : DCC/20260724_104335/dcc_capture.zip: Copied (new)
2026/08/05 01:40:01 INFO  : DCC/20260724_104335/dcc_config.json: Copied (new)
2026/08/05 01:40:24 INFO  : DCC/20260724_104335/dcc_uniformity.zip: Copied (new)
2026/08/05 01:40:32 INFO  : DCC/20260724_104335/dcc_uniformity_validation.zip: Copied (new)
2026/08/05 01:40:35 INFO  : DCC/20260724_104335/whitepoint_ok2cal_capture.zip: Copied (new)
2026/08/05 01:40:36 INFO  : DCC/20260724_104335/dcc_white_point.zip: Copied (new)
2026/08/05 01:40:40 INFO  : DGC/20260724_104335/nominal_workflow_calibration_capture_set.yaml: Copied (new)
2026/08/05 01:40:41 INFO  : DGC/20260724_104335/station_id.yaml: Copied (new)
2026/08/05 01:40:43 INFO  : DGC/20260724_104335/stereo.textproto: Copied (new)
2026/08/05 01:40:51 INFO  : DCC/20260724_104335/capture/right_irradiance.cal: Copied (new)
2026/08/05 01:40:52 INFO  : DCC/20260724_104335/capture/right_mask_scaling_factor.yaml: Copied (new)
2026/08/05 01:40:56 INFO  : DCC/20260724_104335/autoexposure_debug/ae_right_iter_00_it_66664_max_23386.0.csv: Copied (new)
2026/08/05 01:40:59 INFO  : DCC/20260724_104335/dcc_apply_color_cal.zip: Copied (new)
2026/08/05 01:41:52 INFO  : DCC/20260724_104335/white_point_calibration/corrected_rgb_primaries/blue.png: Copied (new)
2026/08/05 01:42:44 INFO  : DCC/20260724_104335/white_point_calibration/corrected_rgb_primaries/green.png: Copied (new)
2026/08/05 01:42:47 INFO  : DCC/20260724_104335/white_point_calibration/corrected_rgb_primaries/red.png: Copied (new)
2026/08/05 01:42:50 INFO  : DCC/20260724_104335/white_point_calibration/corrected_rgb_primaries/white.png: Copied (new)
2026/08/05 01:42:54 INFO  : DCC/20260724_104335/white_point_calibration/post_cal_capture/right_irradiance.cal: Copied (new)
2026/08/05 01:43:00 INFO  : DCC/20260724_104335/white_point_calibration/corrected_rgb_primaries/macbeth20.png: Copied (new)
2026/08/05 01:43:01 INFO  : DCC/20260724_104335/white_point_calibration/corrected_rgb_primaries/macbeth22.png: Copied (new)
2026/08/05 01:43:25 INFO  : DCC/20260724_104335/white_point_calibration/post_cal_capture/right_mask_scaling_factor.yaml: Copied (new)
2026/08/05 01:43:28 INFO  : DGC/20260724_104335.zip: Copied (new)
2026/08/05 01:43:31 INFO  : DCC/20260724_104335/capture/dcc_smoke_test/dcc_golden_spectra.yaml: Copied (new)
2026/08/05 01:43:35 INFO  : DCC/20260724_104335/white_point_calibration/correction/right/color_correction.textproto: Copied (new)
2026/08/05 01:43:35 INFO  : DCC/20260724_104335/white_point_calibration/correction/right/corrected_color.csv: Copied (new)
2026/08/05 01:43:35 INFO  : DCC/20260724_104335/capture/dcc_smoke_test/left_dcc_golden_spectra.png: Copied (new)
2026/08/05 01:43:38 INFO  : DGC/20260724_104335/nominal_workflow_calibration/calibration_specs.yaml: Copied (new)
2026/08/05 01:43:38 INFO  : DCC/20260724_104335/capture/dcc_smoke_test/left_dcc_latest_spectra.png: Copied (new)
2026/08/05 01:43:38 INFO  : DCC/20260724_104335/capture/dcc_smoke_test/right_dcc_latest_spectra.png: Copied (new)
2026/08/05 01:43:39 INFO  : DCC/20260724_104335/capture/dcc_smoke_test/right_dcc_golden_spectra.png: Copied (new)
2026/08/05 01:43:40 INFO  : DGC/20260724_104335/nominal_workflow_calibration/display_geometry_calibrator.log: Copied (new)
2026/08/05 01:43:46 INFO  : DCC/20260724_104335/whitepoint_ok2cal/capture/right_irradiance.cal: Copied (new)
2026/08/05 01:43:47 INFO  : DGC/20260724_104335/nominal_workflow_calibration/display_profile.textproto: Copied (new)
2026/08/05 01:43:53 INFO  : DCC/20260724_104335/whitepoint_ok2cal/capture/right_mask_scaling_factor.yaml: Copied (new)
2026/08/05 01:43:56 INFO  : DGC/20260724_104335/calibration_captures/left_0_0_0_right_0_0_0/right_grid_blue.png: Copied (new)
2026/08/05 01:43:56 INFO  : DCC/20260724_104335/capture/device_metadata/blue.yaml: Copied (new)
2026/08/05 01:43:56 INFO  : DCC/20260724_104335/capture/device_metadata/green.yaml: Copied (new)
2026/08/05 01:44:02 INFO  : DGC/20260724_104335/calibration_captures/left_0_0_0_right_0_0_0/right_grid_green.png: Copied (new)
2026/08/05 01:44:03 INFO  : DCC/20260724_104335/high_freq_mura_capture/geometry/dataset.yaml: Copied (new)
2026/08/05 01:44:05 INFO  : DCC/20260724_104335/capture/device_metadata/p3_macbeth_04.yaml: Copied (new)
2026/08/05 01:44:31 INFO  : DCC/20260724_104335/capture/device_metadata/p3_macbeth_10.yaml: Copied (new)
2026/08/05 01:44:31 INFO  : DCC/20260724_104335/capture/device_metadata/p3_macbeth_12.yaml: Copied (new)
2026/08/05 01:44:32 INFO  : DCC/20260724_104335/capture/device_metadata/p3_macbeth_23.yaml: Copied (new)
2026/08/05 01:44:37 INFO  : DCC/20260724_104335/capture/device_metadata/red.yaml: Copied (new)
2026/08/05 01:44:37 INFO  : DCC/20260724_104335/white_point_calibration/post_cal_capture/device_metadata/blue.yaml: Copied (new)
2026/08/05 01:44:40 INFO  : DCC/20260724_104335/white_point_calibration/post_cal_capture/device_metadata/macbeth20.yaml: Copied (new)
2026/08/05 01:44:40 INFO  : DCC/20260724_104335/capture/device_metadata/white.yaml: Copied (new)
2026/08/05 01:44:41 INFO  : DCC/20260724_104335/white_point_calibration/post_cal_capture/device_metadata/green.yaml: Copied (new)
2026/08/05 01:44:43 INFO  : DCC/20260724_104335/white_point_calibration/post_cal_capture/device_metadata/macbeth22.yaml: Copied (new)
2026/08/05 01:44:43 INFO  : DCC/20260724_104335/white_point_calibration/post_cal_capture/device_metadata/white.yaml: Copied (new)
2026/08/05 01:44:46 INFO  : DCC/20260724_104335/high_freq_mura_capture/geometry/image_capture_metadata.yaml: Copied (new)
2026/08/05 01:44:46 INFO  : DCC/20260724_104335/white_point_calibration/post_cal_capture/device_metadata/red.yaml: Copied (new)
2026/08/05 01:44:48 INFO  : DCC/20260724_104335/capture/right/background.csv: Copied (new)
2026/08/05 01:44:49 INFO  : DCC/20260724_104335/capture/right/background.png: Copied (new)
2026/08/05 01:44:49 INFO  : DCC/20260724_104335/capture/right/background_peak_detection.png: Copied (new)
2026/08/05 01:44:51 INFO  : DCC/20260724_104335/capture/right/blue.csv: Copied (new)
2026/08/05 01:44:52 INFO  : DCC/20260724_104335/capture/right/green.csv: Copied (new)
2026/08/05 01:44:52 INFO  : DCC/20260724_104335/capture/right/blue.png: Copied (new)
2026/08/05 01:44:54 INFO  : DCC/20260724_104335/capture/right/green.png: Copied (new)
2026/08/05 01:44:55 INFO  : DCC/20260724_104335/capture/right/p3_macbeth_04.png: Copied (new)
2026/08/05 01:44:55 INFO  : DCC/20260724_104335/capture/right/p3_macbeth_04.csv: Copied (new)
2026/08/05 01:44:57 INFO  : DCC/20260724_104335/capture/right/p3_macbeth_10.csv: Copied (new)
2026/08/05 01:44:58 INFO  : DCC/20260724_104335/capture/right/p3_macbeth_12.csv: Copied (new)
2026/08/05 01:44:59 INFO  : DGC/20260724_104335/calibration_captures/left_0_0_0_right_0_0_0/right_grid_red.png: Copied (new)
2026/08/05 01:44:59 INFO  : DCC/20260724_104335/capture/right/p3_macbeth_10.png: Copied (new)
2026/08/05 01:45:00 INFO  : DCC/20260724_104335/capture/right/p3_macbeth_12.png: Copied (new)
2026/08/05 01:45:01 INFO  : DCC/20260724_104335/capture/right/red.csv: Copied (new)
2026/08/05 01:45:02 INFO  : DCC/20260724_104335/capture/right/p3_macbeth_23.png: Copied (new)
2026/08/05 01:45:03 INFO  : DCC/20260724_104335/capture/right/red.png: Copied (new)
